---
source: crates/steel-check/tests/portal_beam1.rs
expression: run()
---
{
  "beam_id": 1,
  "profile_name": "UNP350",
  "steel_grade": "S235",
  "classification": "Class1",
  "checks": [
    {
      "id": "6.2.4_compression",
      "kind": {
        "type": "Resistance",
        "data": {
          "id": "6.2.4_compression",
          "title": "Compression",
          "article": "art. 6.2.4 (6.10)",
          "force_state": {
            "combination_id": 21,
            "position_mm": 0.0,
            "forces": {
              "n_ed": -18.479,
              "vy_ed": 0.0,
              "vz_ed": -232.736,
              "mt_ed": 0.0,
              "my_ed": 66.036,
              "mz_ed": 0.0
            }
          },
          "formula_latex": "N_{c,Rd} = \\frac{A \\cdot f_y}{\\gamma_{M0}}",
          "variables": [
            {
              "symbol": "A",
              "value": 7665.7,
              "unit": "mm²"
            },
            {
              "symbol": "f_y",
              "value": 235.0,
              "unit": "MPa"
            },
            {
              "symbol": "\\gamma_{M0}",
              "value": 1.0,
              "unit": "-"
            }
          ],
          "value": 1801.4395,
          "unit": "kN",
          "uc": {
            "ed": 18.479,
            "rd": 1801.4395,
            "uc": 0.01025790763442236,
            "formula_latex": "N_{Ed} / N_{c,Rd}"
          },
          "status": "Ok",
          "notes": []
        }
      }
    },
    {
      "id": "6.2.5_bending_y",
      "kind": {
        "type": "Resistance",
        "data": {
          "id": "6.2.5_bending_y",
          "title": "Bending moment (decisive)",
          "article": "art. 6.2.5 (6.13)",
          "force_state": {
            "combination_id": 21,
            "position_mm": 3900.0,
            "forces": {
              "n_ed": -18.479,
              "vy_ed": 0.0,
              "vz_ed": 235.084,
              "mt_ed": 0.0,
              "my_ed": -194.796,
              "mz_ed": 0.0
            }
          },
          "formula_latex": "M_{y,c,Rd} = M_{pl,y,Rd} = \\frac{W_{pl,y} \\cdot f_y}{\\gamma_{M0}}",
          "variables": [
            {
              "symbol": "W_{pl,y}",
              "value": 889763.0,
              "unit": "mm³"
            },
            {
              "symbol": "f_y",
              "value": 235.0,
              "unit": "MPa"
            },
            {
              "symbol": "\\gamma_{M0}",
              "value": 1.0,
              "unit": "-"
            }
          ],
          "value": 209.094305,
          "unit": "kNm",
          "uc": {
            "ed": 194.796,
            "rd": 209.094305,
            "uc": 0.9316179127882034,
            "formula_latex": "M_{y,Ed} / M_{y,c,Rd}"
          },
          "status": "Ok",
          "notes": []
        }
      }
    },
    {
      "id": "6.2.5_bending_z",
      "kind": {
        "type": "Resistance",
        "data": {
          "id": "6.2.5_bending_z",
          "title": "Bending moment (z-axis)",
          "article": "art. 6.2.5",
          "force_state": {
            "combination_id": 21,
            "position_mm": 3900.0,
            "forces": {
              "n_ed": -18.479,
              "vy_ed": 0.0,
              "vz_ed": 235.084,
              "mt_ed": 0.0,
              "my_ed": -194.796,
              "mz_ed": 0.0
            }
          },
          "formula_latex": "M_{z,c,Rd} = \\frac{W_{pl,z} \\cdot f_y}{\\gamma_{M0}}",
          "variables": [
            {
              "symbol": "W_{pl,z}",
              "value": 139730.0,
              "unit": "mm³"
            },
            {
              "symbol": "f_y",
              "value": 235.0,
              "unit": "MPa"
            },
            {
              "symbol": "\\gamma_{M0}",
              "value": 1.0,
              "unit": "-"
            }
          ],
          "value": 32.836549999999995,
          "unit": "kNm",
          "uc": {
            "ed": 0.0,
            "rd": 32.836549999999995,
            "uc": 0.0,
            "formula_latex": "M_{z,Ed} / M_{z,c,Rd}"
          },
          "status": "Ok",
          "notes": []
        }
      }
    },
    {
      "id": "6.2.6_shear_z",
      "kind": {
        "type": "Resistance",
        "data": {
          "id": "6.2.6_shear_z",
          "title": "Shear",
          "article": "art. 6.2.6 (6.18)",
          "force_state": {
            "combination_id": 21,
            "position_mm": 3900.0,
            "forces": {
              "n_ed": -18.479,
              "vy_ed": 0.0,
              "vz_ed": 235.084,
              "mt_ed": 0.0,
              "my_ed": -194.796,
              "mz_ed": 0.0
            }
          },
          "formula_latex": "V_{c,z,Rd} = V_{pl,z,Rd} = \\frac{A_v \\cdot (f_y / \\sqrt{3})}{\\gamma_{M0}}",
          "variables": [
            {
              "symbol": "A_v",
              "value": 4946.0,
              "unit": "mm²"
            },
            {
              "symbol": "f_y",
              "value": 235.0,
              "unit": "MPa"
            },
            {
              "symbol": "\\gamma_{M0}",
              "value": 1.0,
              "unit": "-"
            }
          ],
          "value": 671.059991381794,
          "unit": "kN",
          "uc": {
            "ed": 235.084,
            "rd": 671.059991381794,
            "uc": 0.35031741277845146,
            "formula_latex": "V_{z,Ed} / V_{c,z,Rd}"
          },
          "status": "Ok",
          "notes": []
        }
      }
    },
    {
      "id": "6.2.6_shear_y",
      "kind": {
        "type": "Resistance",
        "data": {
          "id": "6.2.6_shear_y",
          "title": "Shear (y-axis)",
          "article": "art. 6.2.6",
          "force_state": {
            "combination_id": 21,
            "position_mm": 3900.0,
            "forces": {
              "n_ed": -18.479,
              "vy_ed": 0.0,
              "vz_ed": 235.084,
              "mt_ed": 0.0,
              "my_ed": -194.796,
              "mz_ed": 0.0
            }
          },
          "formula_latex": "V_{c,y,Rd} = \\frac{A_v \\cdot (f_y/\\sqrt{3})}{\\gamma_{M0}}",
          "variables": [
            {
              "symbol": "A_v",
              "value": 3200.0,
              "unit": "mm²"
            },
            {
              "symbol": "f_y",
              "value": 235.0,
              "unit": "MPa"
            },
            {
              "symbol": "\\gamma_{M0}",
              "value": 1.0,
              "unit": "-"
            }
          ],
          "value": 434.1674024305986,
          "unit": "kN",
          "uc": {
            "ed": 0.0,
            "rd": 434.1674024305986,
            "uc": 0.0,
            "formula_latex": "V_{y,Ed}/V_{c,y,Rd}"
          },
          "status": "Ok",
          "notes": []
        }
      }
    },
    {
      "id": "6.2.8_combined_mv",
      "kind": {
        "type": "Resistance",
        "data": {
          "id": "6.2.8_combined_mv",
          "title": "Bending and shear",
          "article": "art. 6.2.8",
          "force_state": {
            "combination_id": 21,
            "position_mm": 3900.0,
            "forces": {
              "n_ed": -18.479,
              "vy_ed": 0.0,
              "vz_ed": 235.084,
              "mt_ed": 0.0,
              "my_ed": -194.796,
              "mz_ed": 0.0
            }
          },
          "formula_latex": "M_{y,V,Rd} = M_{y,c,Rd} \\text{ if } V_{z,Ed} \\leq V_{z,pl,Rd}/2",
          "variables": [
            {
              "symbol": "V_{z,Ed}",
              "value": 235.084,
              "unit": "kN"
            },
            {
              "symbol": "V_{z,pl,Rd}",
              "value": 671.059991381794,
              "unit": "kN"
            },
            {
              "symbol": "M_{y,c,Rd}",
              "value": 209.094305,
              "unit": "kNm"
            }
          ],
          "value": 209.094305,
          "unit": "kNm",
          "uc": {
            "ed": 194.796,
            "rd": 209.094305,
            "uc": 0.9316179127882034,
            "formula_latex": "M_{y,Ed} / M_{y,V,Rd}"
          },
          "status": "Ok",
          "notes": [
            "V_z,Ed = 235.084 kN < V_z,pl,Rd / 2 = 335.530 kN — The effect of shear on the moment resistance can be neglected."
          ]
        }
      }
    },
    {
      "id": "6.2.9_combined_mn",
      "kind": {
        "type": "Resistance",
        "data": {
          "id": "6.2.9_combined_mn",
          "title": "Bending and axial force",
          "article": "art. 6.2.9",
          "force_state": {
            "combination_id": 21,
            "position_mm": 3900.0,
            "forces": {
              "n_ed": -18.479,
              "vy_ed": 0.0,
              "vz_ed": 235.084,
              "mt_ed": 0.0,
              "my_ed": -194.796,
              "mz_ed": 0.0
            }
          },
          "formula_latex": "M_{N,y,Rd} = M_{pl,y,Rd} \\cdot (1-n)/(1-0.5a)",
          "variables": [
            {
              "symbol": "N_{Ed}",
              "value": 18.479,
              "unit": "kN"
            },
            {
              "symbol": "N_{pl,Rd}",
              "value": 1801.4395,
              "unit": "kN"
            },
            {
              "symbol": "M_{pl,y,Rd}",
              "value": 209.094305,
              "unit": "kNm"
            }
          ],
          "value": 209.094305,
          "unit": "kNm",
          "uc": {
            "ed": 194.796,
            "rd": 209.094305,
            "uc": 0.9316179127882034,
            "formula_latex": "M_{y,Ed} / M_{N,y,Rd}"
          },
          "status": "Ok",
          "notes": [
            "n = 0.010 <= a = 0.500 -> M_N,y,Rd = M_pl,y,Rd (no reduction)"
          ]
        }
      }
    },
    {
      "id": "6.2.10_combined_mnv",
      "kind": {
        "type": "Resistance",
        "data": {
          "id": "6.2.10_combined_mnv",
          "title": "Bending, axial, shear (no shear effect)",
          "article": "art. 6.2.10",
          "force_state": {
            "combination_id": 21,
            "position_mm": 3900.0,
            "forces": {
              "n_ed": -18.479,
              "vy_ed": 0.0,
              "vz_ed": 235.084,
              "mt_ed": 0.0,
              "my_ed": -194.796,
              "mz_ed": 0.0
            }
          },
          "formula_latex": "M_{N,y,Rd} = M_{pl,y,Rd} \\cdot (1-n)/(1-0.5a)",
          "variables": [
            {
              "symbol": "N_{Ed}",
              "value": 18.479,
              "unit": "kN"
            },
            {
              "symbol": "N_{pl,Rd}",
              "value": 1801.4395,
              "unit": "kN"
            },
            {
              "symbol": "M_{pl,y,Rd}",
              "value": 209.094305,
              "unit": "kNm"
            }
          ],
          "value": 209.094305,
          "unit": "kNm",
          "uc": {
            "ed": 194.796,
            "rd": 209.094305,
            "uc": 0.9316179127882034,
            "formula_latex": "M_{y,Ed} / M_{N,y,Rd}"
          },
          "status": "Ok",
          "notes": [
            "n = 0.010 <= a = 0.500 -> M_N,y,Rd = M_pl,y,Rd (no reduction)"
          ]
        }
      }
    },
    {
      "id": "6.3.1_buckling",
      "kind": {
        "type": "Stability",
        "data": {
          "id": "6.3.1_buckling",
          "title": "Column buckling",
          "article": "art. 6.3.1 (6.46)",
          "force_state": {
            "combination_id": 21,
            "position_mm": 0.0,
            "forces": {
              "n_ed": -18.479,
              "vy_ed": 0.0,
              "vz_ed": -232.736,
              "mt_ed": 0.0,
              "my_ed": 66.036,
              "mz_ed": 0.0
            }
          },
          "formula_latex": "N_{b,Rd} = \\chi \\cdot A \\cdot f_y / \\gamma_{M1}",
          "variables": [
            {
              "symbol": "A",
              "value": 7665.7,
              "unit": "mm²"
            },
            {
              "symbol": "f_y",
              "value": 235.0,
              "unit": "MPa"
            },
            {
              "symbol": "\\gamma_{M1}",
              "value": 1.0,
              "unit": "-"
            }
          ],
          "intermediate_values": [
            {
              "symbol": "\\lambda_y",
              "value": 38.85003885003886,
              "unit": "-"
            },
            {
              "symbol": "\\lambda_z",
              "value": 185.1851851851852,
              "unit": "-"
            },
            {
              "symbol": "\\bar{\\lambda}_y",
              "value": 0.4136812799614926,
              "unit": "-"
            },
            {
              "symbol": "\\bar{\\lambda}_z",
              "value": 1.9718807678164478,
              "unit": "-"
            },
            {
              "symbol": "\\chi_y",
              "value": 0.8900615225146796,
              "unit": "-"
            },
            {
              "symbol": "\\chi_z",
              "value": 0.2010067155980563,
              "unit": "-"
            },
            {
              "symbol": "\\chi",
              "value": 0.2010067155980563,
              "unit": "-"
            }
          ],
          "value": 362.1014372436047,
          "unit": "kN",
          "uc": {
            "ed": 18.479,
            "rd": 362.1014372436047,
            "uc": 0.05103266129144967,
            "formula_latex": "N_{Ed} / N_{b,Rd}"
          },
          "status": "Ok",
          "notes": [
            "Governing axis: z"
          ]
        }
      }
    },
    {
      "id": "6.3.2_ltb_channel",
      "kind": {
        "type": "Stability",
        "data": {
          "id": "6.3.2_ltb_channel",
          "title": "Lateral-torsional buckling (channel, monosym)",
          "article": "art. 6.3.2.1 + Annex F (simplified)",
          "force_state": {
            "combination_id": 21,
            "position_mm": 3900.0,
            "forces": {
              "n_ed": -18.479,
              "vy_ed": 0.0,
              "vz_ed": 235.084,
              "mt_ed": 0.0,
              "my_ed": -194.796,
              "mz_ed": 0.0
            }
          },
          "formula_latex": "M_{b,Rd} = \\chi_{LT} \\cdot W_{pl,y} \\cdot f_y / \\gamma_{M1}",
          "variables": [
            {
              "symbol": "W_{pl,y}",
              "value": 889763.0,
              "unit": "mm³"
            },
            {
              "symbol": "f_y",
              "value": 235.0,
              "unit": "MPa"
            },
            {
              "symbol": "\\gamma_{M1}",
              "value": 1.0,
              "unit": "-"
            }
          ],
          "intermediate_values": [
            {
              "symbol": "L_{st}",
              "value": 5000.0,
              "unit": "mm"
            },
            {
              "symbol": "\\beta",
              "value": 0.09016612250764906,
              "unit": "-"
            },
            {
              "symbol": "C_1",
              "value": 1.6688504897431158,
              "unit": "-"
            },
            {
              "symbol": "S",
              "value": 839.6616020634564,
              "unit": "mm"
            },
            {
              "symbol": "C",
              "value": 5.927747523296383,
              "unit": "-"
            },
            {
              "symbol": "M_{cr}",
              "value": 203.53949045559193,
              "unit": "kNm"
            },
            {
              "symbol": "\\bar{\\lambda}_{LT}",
              "value": 1.0135536936738292,
              "unit": "-"
            },
            {
              "symbol": "\\chi_{LT}",
              "value": 0.6309092330613262,
              "unit": "-"
            }
          ],
          "value": 0.6309092330613262,
          "unit": "-",
          "uc": {
            "ed": 194.796,
            "rd": 131.919527605041,
            "uc": 1.476627482954664,
            "formula_latex": "M_{y,Ed} / M_{b,Rd}"
          },
          "status": "NotOk",
          "notes": [
            "Conservative monosymmetric reduction (Mcr × 0.7) — full Annex F not implemented v1"
          ]
        }
      }
    },
    {
      "id": "6.3.3_eq_6_61",
      "kind": {
        "type": "Stability",
        "data": {
          "id": "6.3.3_eq_6_61",
          "title": "Combined N + M (member y)",
          "article": "art. 6.3.3 (6.61)",
          "force_state": {
            "combination_id": 21,
            "position_mm": 3900.0,
            "forces": {
              "n_ed": -18.479,
              "vy_ed": 0.0,
              "vz_ed": 235.084,
              "mt_ed": 0.0,
              "my_ed": -194.796,
              "mz_ed": 0.0
            }
          },
          "formula_latex": "\\frac{N_{Ed}}{\\chi_y N_{Rk}/\\gamma_{M1}} + k_{yy}\\frac{M_{y,Ed}}{\\chi_{LT} M_{y,Rk}/\\gamma_{M1}} + k_{yz}\\frac{M_{z,Ed}}{M_{z,Rk}/\\gamma_{M1}} \\leq 1",
          "variables": [
            {
              "symbol": "k_{yy}",
              "value": 0.6014775986452199,
              "unit": "-"
            },
            {
              "symbol": "k_{yz}",
              "value": 0.38572046129089055,
              "unit": "-"
            }
          ],
          "intermediate_values": [
            {
              "symbol": "term_N",
              "value": 0.011524942237072358,
              "unit": "-"
            },
            {
              "symbol": "term_{M_y}",
              "value": 0.8881583525411065,
              "unit": "-"
            },
            {
              "symbol": "term_{M_z}",
              "value": 0.0,
              "unit": "-"
            }
          ],
          "value": 0.8996832947781789,
          "unit": "-",
          "uc": {
            "ed": 0.8996832947781789,
            "rd": 1.0,
            "uc": 0.8996832947781789,
            "formula_latex": "Sum of terms"
          },
          "status": "Ok",
          "notes": []
        }
      }
    },
    {
      "id": "6.3.3_eq_6_62",
      "kind": {
        "type": "Stability",
        "data": {
          "id": "6.3.3_eq_6_62",
          "title": "Combined N + M (member z)",
          "article": "art. 6.3.3 (6.62)",
          "force_state": {
            "combination_id": 21,
            "position_mm": 3900.0,
            "forces": {
              "n_ed": -18.479,
              "vy_ed": 0.0,
              "vz_ed": 235.084,
              "mt_ed": 0.0,
              "my_ed": -194.796,
              "mz_ed": 0.0
            }
          },
          "formula_latex": "\\frac{N_{Ed}}{\\chi_z N_{Rk}/\\gamma_{M1}} + k_{zy}\\frac{M_{y,Ed}}{\\chi_{LT} M_{y,Rk}/\\gamma_{M1}} + k_{zz}\\frac{M_{z,Ed}}{M_{z,Rk}/\\gamma_{M1}} \\leq 1",
          "variables": [
            {
              "symbol": "k_{zy}",
              "value": 0.3608865591871319,
              "unit": "-"
            },
            {
              "symbol": "k_{zz}",
              "value": 0.6428674354848176,
              "unit": "-"
            }
          ],
          "intermediate_values": [
            {
              "symbol": "term_N",
              "value": 0.05103266129144967,
              "unit": "-"
            },
            {
              "symbol": "term_{M_y}",
              "value": 0.5328950115246639,
              "unit": "-"
            },
            {
              "symbol": "term_{M_z}",
              "value": 0.0,
              "unit": "-"
            }
          ],
          "value": 0.5839276728161136,
          "unit": "-",
          "uc": {
            "ed": 0.5839276728161136,
            "rd": 1.0,
            "uc": 0.5839276728161136,
            "formula_latex": "Sum of terms"
          },
          "status": "Ok",
          "notes": []
        }
      }
    },
    {
      "id": "deflection_w_fin",
      "kind": {
        "type": "Resistance",
        "data": {
          "id": "deflection_w_fin",
          "title": "Deflection w_fin (BGT)",
          "article": "NEN-EN 1990 (BGT)",
          "force_state": {
            "combination_id": 0,
            "position_mm": 0.0,
            "forces": {
              "n_ed": 0.0,
              "vy_ed": 0.0,
              "vz_ed": 0.0,
              "mt_ed": 0.0,
              "my_ed": 0.0,
              "mz_ed": 0.0
            }
          },
          "formula_latex": "w_{fin,z} = w_z - w_{zeeg,z}",
          "variables": [
            {
              "symbol": "L",
              "value": 5000.0,
              "unit": "mm"
            },
            {
              "symbol": "w",
              "value": 0.0,
              "unit": "mm"
            },
            {
              "symbol": "L/n",
              "value": 333.0,
              "unit": "-"
            }
          ],
          "value": 15.015015015015015,
          "unit": "mm",
          "uc": {
            "ed": 0.0,
            "rd": 15.015015015015015,
            "uc": 0.0,
            "formula_latex": "|w| / w_{max}"
          },
          "status": "Ok",
          "notes": []
        }
      }
    },
    {
      "id": "deflection_w_add",
      "kind": {
        "type": "Resistance",
        "data": {
          "id": "deflection_w_add",
          "title": "Deflection w_add (BGT)",
          "article": "NEN-EN 1990 (BGT)",
          "force_state": {
            "combination_id": 0,
            "position_mm": 0.0,
            "forces": {
              "n_ed": 0.0,
              "vy_ed": 0.0,
              "vz_ed": 0.0,
              "mt_ed": 0.0,
              "my_ed": 0.0,
              "mz_ed": 0.0
            }
          },
          "formula_latex": "w_{add,z} = w_{fin,z} - w_{BGT,perm,z}",
          "variables": [
            {
              "symbol": "L",
              "value": 5000.0,
              "unit": "mm"
            },
            {
              "symbol": "w",
              "value": 0.0,
              "unit": "mm"
            },
            {
              "symbol": "L/n",
              "value": 150.0,
              "unit": "-"
            }
          ],
          "value": 33.333333333333336,
          "unit": "mm",
          "uc": {
            "ed": 0.0,
            "rd": 33.333333333333336,
            "uc": 0.0,
            "formula_latex": "|w| / w_{max}"
          },
          "status": "Ok",
          "notes": []
        }
      }
    }
  ],
  "uc_max": 1.476627482954664,
  "status": "NotOk",
  "governing_check_id": "6.3.2_ltb_channel"
}
